
> frontend@0.0.0 build
> vite build

[36mvite v5.4.21 [32mbuilding for production...[36m[39m
transforming...
[32mΓ£ô[39m 2770 modules transformed.
node.exe : [31mx[39m 
Build failed in 2.55s
At line:1 char:1
+ & "C:\Program 
Files\nodejs/node.exe" 
"C:\Program 
Files\nodejs/node_mo 
...
+ ~~~~~~~~~~~~~~~~~~~~~
~~~~~~~~~~~~~~~~~~~~~~~
~~~~~~~~~~~~~~~~~~~~~~~
~~
    + CategoryInfo     
         : NotSpecifi  
  ed: ([31mx[39m B   
 uild failed in 2.5    
5s:String) [], Rem    
oteException
    + FullyQualifiedEr 
   rorId : NativeComm  
  andError
 
[31merror during 
build:
[31msrc/pages/CitizenD
ashboard.jsx (9:41): 
"ResponsiveContainer" 
is not exported by "nod
e_modules/lucide-react/
dist/esm/lucide-react.j
s", imported by "src/pa
ges/CitizenDashboard.js
x".[31m
file: [36mC:/Users/dpa
va/Downloads/eduthon/ci
vic-issue-tracker/front
end/src/pages/CitizenDa
shboard.jsx:9:41[31m
[33m
 7:   Search, 
UploadCloud, X, 
LayoutDashboard, 
 8:   Zap, 
AlertCircle, Camera, 
ChevronRight,
 9:   TrendingUp, 
BarChart3, PieChart, 
Cell, 
ResponsiveContainer, 
Pie
                       
                      ^
10: } from 
'lucide-react';
11: import { 
useDropzone } from 
'react-dropzone';
[31m
    at getRollupError (
file:///C:/Users/dpava/
Downloads/eduthon/civic
-issue-tracker/frontend
/node_modules/rollup/di
st/es/shared/parseAst.j
s:402:41)
    at error (file:///C
:/Users/dpava/Downloads
/eduthon/civic-issue-tr
acker/frontend/node_mod
ules/rollup/dist/es/sha
red/parseAst.js:398:42)
    at Module.error (fi
le:///C:/Users/dpava/Do
wnloads/eduthon/civic-i
ssue-tracker/frontend/n
ode_modules/rollup/dist
/es/shared/node-entry.j
s:17040:16)
    at 
Module.traceVariable (f
ile:///C:/Users/dpava/D
ownloads/eduthon/civic-
issue-tracker/frontend/
node_modules/rollup/dis
t/es/shared/node-entry.
js:17452:29)
    at ModuleScope.find
Variable (file:///C:/Us
ers/dpava/Downloads/edu
thon/civic-issue-tracke
r/frontend/node_modules
/rollup/dist/es/shared/
node-entry.js:15070:39)
    at ReturnValueScope
.findVariable (file:///
C:/Users/dpava/Download
s/eduthon/civic-issue-t
racker/frontend/node_mo
dules/rollup/dist/es/sh
ared/node-entry.js:5673
:38)
    at FunctionBodyScop
e.findVariable (file://
/C:/Users/dpava/Downloa
ds/eduthon/civic-issue-
tracker/frontend/node_m
odules/rollup/dist/es/s
hared/node-entry.js:567
3:38)
    at Identifier.bind 
(file:///C:/Users/dpava
/Downloads/eduthon/civi
c-issue-tracker/fronten
d/node_modules/rollup/d
ist/es/shared/node-entr
y.js:5447:40)
    at 
CallExpression.bind (fi
le:///C:/Users/dpava/Do
wnloads/eduthon/civic-i
ssue-tracker/frontend/n
ode_modules/rollup/dist
/es/shared/node-entry.j
s:2825:28)
    at 
CallExpression.bind (fi
le:///C:/Users/dpava/Do
wnloads/eduthon/civic-i
ssue-tracker/frontend/n
ode_modules/rollup/dist
/es/shared/node-entry.j
s:12179:15)[39m
